========= 2025-06-25 01:14:21 =========
คอลัมน์ที่พบในไฟล์ CSV:
[0] Rotation
[1] Part_Group
[2] Part_Number
[3] Supplier
[4] Location
แมปฟิลด์ rotation กับคอลัมน์ rotation (index: 0)
แมปฟิลด์ supplier กับคอลัมน์ supplier (index: 3)
แมปฟิลด์ location กับคอลัมน์ location (index: 4)
ผลลัพธ์การแมปปิ้ง: {"group_name":1,"part_number":2,"rotation":0,"supplier":3,"location":4}

========= 2025-06-25 01:14:24 =========
คอลัมน์ที่พบในไฟล์ CSV:
[0] Rotation
[1] Part_Group
[2] Part_Number
[3] Supplier
[4] Location
แมปฟิลด์ rotation กับคอลัมน์ rotation (index: 0)
แมปฟิลด์ supplier กับคอลัมน์ supplier (index: 3)
แมปฟิลด์ location กับคอลัมน์ location (index: 4)
ผลลัพธ์การแมปปิ้ง: {"group_name":1,"part_number":2,"rotation":0,"supplier":3,"location":4}

========= 2025-06-25 01:14:33 =========
คอลัมน์ที่พบในไฟล์ CSV:
[0] Rotation
[1] Part_Group
[2] Part_Number
[3] Supplier
[4] Location
แมปฟิลด์ rotation กับคอลัมน์ rotation (index: 0)
แมปฟิลด์ supplier กับคอลัมน์ supplier (index: 3)
แมปฟิลด์ location กับคอลัมน์ location (index: 4)
ผลลัพธ์การแมปปิ้ง: {"group_name":1,"part_number":2,"rotation":0,"supplier":3,"location":4}

========= 2025-06-25 04:01:40 =========
คอลัมน์ที่พบในไฟล์ CSV:
[0] Rotation
[1] Part_Group
[2] Part_Number
[3] Supplier
[4] Location
แมปฟิลด์ rotation กับคอลัมน์ rotation (index: 0)
แมปฟิลด์ supplier กับคอลัมน์ supplier (index: 3)
แมปฟิลด์ location กับคอลัมน์ location (index: 4)
ผลลัพธ์การแมปปิ้ง: {"group_name":1,"part_number":2,"rotation":0,"supplier":3,"location":4}

========= 2025-06-25 04:15:11 =========
คอลัมน์ที่พบในไฟล์ CSV:
[0] Rotation
[1] Part_Group
[2] Part_Number
[3] Supplier
[4] Location
แมปฟิลด์ rotation กับคอลัมน์ rotation (index: 0)
แมปฟิลด์ supplier กับคอลัมน์ supplier (index: 3)
แมปฟิลด์ location กับคอลัมน์ location (index: 4)
ผลลัพธ์การแมปปิ้ง: {"group_name":1,"part_number":2,"rotation":0,"supplier":3,"location":4}

========= 2025-09-01 10:37:42 =========
คอลัมน์ที่พบในไฟล์ CSV:
[0] Rotation
[1] PartGroup
[2] Part_Number
[3] Supplier
[4] Location Pick
[5] Date
[6] Time
แมปฟิลด์ rotation กับคอลัมน์ rotation (index: 0)
แมปฟิลด์ group_name กับคอลัมน์ partgroup (index: 1)
แมปฟิลด์ supplier กับคอลัมน์ supplier (index: 3)
แมปฟิลด์ location กับคอลัมน์ location pick (index: 4)
ใช้ตำแหน่งเริ่มต้น: model = คอลัมน์ 5
ผลลัพธ์การแมปปิ้ง: {"part_number":2,"date":5,"time":6,"rotation":0,"group_name":1,"supplier":3,"location":4,"model":5}

========= 2025-09-02 08:57:23 =========
คอลัมน์ที่พบในไฟล์ CSV:
[0] Rotation
[1] PartGroup
[2] Part_Number
[3] Supplier
[4] Location Pick
[5] Model
[6] Date
[7] Time
แมปฟิลด์ rotation กับคอลัมน์ rotation (index: 0)
แมปฟิลด์ group_name กับคอลัมน์ partgroup (index: 1)
แมปฟิลด์ supplier กับคอลัมน์ supplier (index: 3)
แมปฟิลด์ location กับคอลัมน์ location pick (index: 4)
ผลลัพธ์การแมปปิ้ง: {"part_number":2,"model":5,"date":6,"time":7,"rotation":0,"group_name":1,"supplier":3,"location":4}

========= 2025-09-02 08:57:45 =========
คอลัมน์ที่พบในไฟล์ CSV:
[0] Rotation
[1] PartGroup
[2] Part_Number
[3] Supplier
[4] Location Pick
[5] Model
[6] Date
[7] Time
แมปฟิลด์ rotation กับคอลัมน์ rotation (index: 0)
แมปฟิลด์ group_name กับคอลัมน์ partgroup (index: 1)
แมปฟิลด์ supplier กับคอลัมน์ supplier (index: 3)
แมปฟิลด์ location กับคอลัมน์ location pick (index: 4)
ผลลัพธ์การแมปปิ้ง: {"part_number":2,"model":5,"date":6,"time":7,"rotation":0,"group_name":1,"supplier":3,"location":4}

========= 2025-09-02 09:19:32 =========
คอลัมน์ที่พบในไฟล์ CSV:
[0] Rotation
[1] PartGroup
[2] Part_Number
[3] Supplier
[4] Location Pick
[5] Model
[6] Date
[7] Time
แมปฟิลด์ rotation กับคอลัมน์ rotation (index: 0)
แมปฟิลด์ group_name กับคอลัมน์ partgroup (index: 1)
แมปฟิลด์ supplier กับคอลัมน์ supplier (index: 3)
แมปฟิลด์ location กับคอลัมน์ location pick (index: 4)
ผลลัพธ์การแมปปิ้ง: {"part_number":2,"model":5,"date":6,"time":7,"rotation":0,"group_name":1,"supplier":3,"location":4}

========= 2025-09-02 09:20:29 =========
คอลัมน์ที่พบในไฟล์ CSV:
[0] Rotation
[1] PartGroup
[2] Part_Number
[3] Supplier
[4] Location Pick
[5] Model
[6] Date
[7] Time
แมปฟิลด์ rotation กับคอลัมน์ rotation (index: 0)
แมปฟิลด์ group_name กับคอลัมน์ partgroup (index: 1)
แมปฟิลด์ supplier กับคอลัมน์ supplier (index: 3)
แมปฟิลด์ location กับคอลัมน์ location pick (index: 4)
ผลลัพธ์การแมปปิ้ง: {"part_number":2,"model":5,"date":6,"time":7,"rotation":0,"group_name":1,"supplier":3,"location":4}

========= 2025-09-02 09:21:42 =========
คอลัมน์ที่พบในไฟล์ CSV:
[0] Rotation
[1] PartGroup
[2] Part_Number
[3] Supplier
[4] Location Pick
[5] Model
[6] Date
[7] Time
แมปฟิลด์ rotation กับคอลัมน์ rotation (index: 0)
แมปฟิลด์ group_name กับคอลัมน์ partgroup (index: 1)
แมปฟิลด์ supplier กับคอลัมน์ supplier (index: 3)
แมปฟิลด์ location กับคอลัมน์ location pick (index: 4)
ผลลัพธ์การแมปปิ้ง: {"part_number":2,"model":5,"date":6,"time":7,"rotation":0,"group_name":1,"supplier":3,"location":4}

========= 2025-09-30 08:12:14 =========
คอลัมน์ที่พบในไฟล์ CSV:
[0] Rotation
[1] PartGroup
[2] Part_Number
[3] Supplier
[4] Location Pick
[5] Model
[6] Date
[7] Time
แมปฟิลด์ rotation กับคอลัมน์ rotation (index: 0)
แมปฟิลด์ group_name กับคอลัมน์ partgroup (index: 1)
แมปฟิลด์ supplier กับคอลัมน์ supplier (index: 3)
แมปฟิลด์ location กับคอลัมน์ location pick (index: 4)
ผลลัพธ์การแมปปิ้ง: {"part_number":2,"model":5,"date":6,"time":7,"rotation":0,"group_name":1,"supplier":3,"location":4}

========= 2025-09-30 08:12:54 =========
คอลัมน์ที่พบในไฟล์ CSV:
[0] Rotation
[1] PartGroup
[2] Part_Number
[3] Supplier
[4] Location Pick
[5] Model
[6] Date
[7] Time
แมปฟิลด์ rotation กับคอลัมน์ rotation (index: 0)
แมปฟิลด์ group_name กับคอลัมน์ partgroup (index: 1)
แมปฟิลด์ supplier กับคอลัมน์ supplier (index: 3)
แมปฟิลด์ location กับคอลัมน์ location pick (index: 4)
ผลลัพธ์การแมปปิ้ง: {"part_number":2,"model":5,"date":6,"time":7,"rotation":0,"group_name":1,"supplier":3,"location":4}

========= 2025-09-30 08:21:42 =========
คอลัมน์ที่พบในไฟล์ CSV:
[0] Rotation
[1] PartGroup
[2] Part_Number
[3] Supplier
[4] Location Pick
[5] Model
[6] Date
[7] Time
แมปฟิลด์ rotation กับคอลัมน์ rotation (index: 0)
แมปฟิลด์ group_name กับคอลัมน์ partgroup (index: 1)
แมปฟิลด์ supplier กับคอลัมน์ supplier (index: 3)
แมปฟิลด์ location กับคอลัมน์ location pick (index: 4)
ผลลัพธ์การแมปปิ้ง: {"part_number":2,"model":5,"date":6,"time":7,"rotation":0,"group_name":1,"supplier":3,"location":4}

========= 2025-09-30 08:35:48 =========
คอลัมน์ที่พบในไฟล์ CSV:
[0] Rotation
[1] PartGroup
[2] Part_Number
[3] Supplier
[4] Location Pick
[5] Model
[6] Date
[7] Time
แมปฟิลด์ rotation กับคอลัมน์ rotation (index: 0)
แมปฟิลด์ group_name กับคอลัมน์ partgroup (index: 1)
แมปฟิลด์ supplier กับคอลัมน์ supplier (index: 3)
แมปฟิลด์ location กับคอลัมน์ location pick (index: 4)
ผลลัพธ์การแมปปิ้ง: {"part_number":2,"model":5,"date":6,"time":7,"rotation":0,"group_name":1,"supplier":3,"location":4}

========= 2026-01-12 07:54:13 =========
คอลัมน์ที่พบในไฟล์ CSV:
[0] Rotation
[1] Part_Group
[2] Part_Number
[3] Supplier
[4] Location Pick
[5] Model
[6] Date
[7] Time
แมปฟิลด์ rotation กับคอลัมน์ rotation (index: 0)
แมปฟิลด์ supplier กับคอลัมน์ supplier (index: 3)
แมปฟิลด์ location กับคอลัมน์ location pick (index: 4)
ผลลัพธ์การแมปปิ้ง: {"group_name":1,"part_number":2,"model":5,"date":6,"time":7,"rotation":0,"supplier":3,"location":4}

========= 2026-01-12 07:55:23 =========
คอลัมน์ที่พบในไฟล์ CSV:
[0] Rotation
[1] Part_Group
[2] Part_Number
[3] Supplier
[4] Location Pick
[5] Model
[6] Date
[7] Time
แมปฟิลด์ rotation กับคอลัมน์ rotation (index: 0)
แมปฟิลด์ supplier กับคอลัมน์ supplier (index: 3)
แมปฟิลด์ location กับคอลัมน์ location pick (index: 4)
ผลลัพธ์การแมปปิ้ง: {"group_name":1,"part_number":2,"model":5,"date":6,"time":7,"rotation":0,"supplier":3,"location":4}

========= 2026-01-12 07:56:37 =========
คอลัมน์ที่พบในไฟล์ CSV:
[0] Rotation
[1] Part_Group
[2] Part_Number
[3] Supplier
[4] Location Pick
[5] Model
[6] Date
[7] Time
แมปฟิลด์ rotation กับคอลัมน์ rotation (index: 0)
แมปฟิลด์ supplier กับคอลัมน์ supplier (index: 3)
แมปฟิลด์ location กับคอลัมน์ location pick (index: 4)
ผลลัพธ์การแมปปิ้ง: {"group_name":1,"part_number":2,"model":5,"date":6,"time":7,"rotation":0,"supplier":3,"location":4}

========= 2026-01-12 14:29:07 =========
คอลัมน์ที่พบในไฟล์ CSV:
[0] Rotation
[1] Part_Group
[2] Part_Number
[3] Supplier
[4] Location Pick
[5] Model
[6] Date
[7] Time
แมปฟิลด์ rotation กับคอลัมน์ rotation (index: 0)
แมปฟิลด์ supplier กับคอลัมน์ supplier (index: 3)
แมปฟิลด์ location กับคอลัมน์ location pick (index: 4)
ผลลัพธ์การแมปปิ้ง: {"group_name":1,"part_number":2,"model":5,"date":6,"time":7,"rotation":0,"supplier":3,"location":4}

========= 2026-01-12 14:37:03 =========
คอลัมน์ที่พบในไฟล์ CSV:
[0] Rotation
[1] Part_Group
[2] Part_Number
[3] Supplier
[4] Location Pick
[5] Model
[6] Date
[7] Time
แมปฟิลด์ rotation กับคอลัมน์ rotation (index: 0)
แมปฟิลด์ supplier กับคอลัมน์ supplier (index: 3)
แมปฟิลด์ location กับคอลัมน์ location pick (index: 4)
ผลลัพธ์การแมปปิ้ง: {"group_name":1,"part_number":2,"model":5,"date":6,"time":7,"rotation":0,"supplier":3,"location":4}

========= 2026-01-12 14:54:01 =========
คอลัมน์ที่พบในไฟล์ CSV:
[0] Rotation
[1] Part_Group
[2] Part_Number
[3] Supplier
[4] Location Pick
[5] Model
[6] Date
[7] Time
แมปฟิลด์ rotation กับคอลัมน์ rotation (index: 0)
แมปฟิลด์ supplier กับคอลัมน์ supplier (index: 3)
แมปฟิลด์ location กับคอลัมน์ location pick (index: 4)
ผลลัพธ์การแมปปิ้ง: {"group_name":1,"part_number":2,"model":5,"date":6,"time":7,"rotation":0,"supplier":3,"location":4}

========= 2026-01-12 15:15:11 =========
คอลัมน์ที่พบในไฟล์ CSV:
[0] Rotation
[1] Part_Group
[2] Part_Number
[3] Supplier
[4] Location Pick
[5] Model
[6] Date
[7] Time
แมปฟิลด์ rotation กับคอลัมน์ rotation (index: 0)
แมปฟิลด์ supplier กับคอลัมน์ supplier (index: 3)
แมปฟิลด์ location กับคอลัมน์ location pick (index: 4)
ผลลัพธ์การแมปปิ้ง: {"group_name":1,"part_number":2,"model":5,"date":6,"time":7,"rotation":0,"supplier":3,"location":4}

========= 2026-01-12 15:17:32 =========
คอลัมน์ที่พบในไฟล์ CSV:
[0] Rotation
[1] Part_Group
[2] Part_Number
[3] Supplier
[4] Location Pick
[5] Model
[6] Date
[7] Time
แมปฟิลด์ rotation กับคอลัมน์ rotation (index: 0)
แมปฟิลด์ supplier กับคอลัมน์ supplier (index: 3)
แมปฟิลด์ location กับคอลัมน์ location pick (index: 4)
ผลลัพธ์การแมปปิ้ง: {"group_name":1,"part_number":2,"model":5,"date":6,"time":7,"rotation":0,"supplier":3,"location":4}

========= 2026-01-13 01:10:17 =========
คอลัมน์ที่พบในไฟล์ CSV:
[0] Rotation
[1] Part_Group
[2] Part_Number
[3] Supplier
[4] Location Pick
[5] Model
[6] Date
[7] Time
แมปฟิลด์ rotation กับคอลัมน์ rotation (index: 0)
แมปฟิลด์ supplier กับคอลัมน์ supplier (index: 3)
แมปฟิลด์ location กับคอลัมน์ location pick (index: 4)
ผลลัพธ์การแมปปิ้ง: {"group_name":1,"part_number":2,"model":5,"date":6,"time":7,"rotation":0,"supplier":3,"location":4}

========= 2026-01-13 13:29:06 =========
คอลัมน์ที่พบในไฟล์ CSV:
[0] Rotation
[1] Part_Group
[2] Part_Number
[3] Supplier
[4] Location Pick
[5] Model
[6] Date
[7] Time
แมปฟิลด์ rotation กับคอลัมน์ rotation (index: 0)
แมปฟิลด์ supplier กับคอลัมน์ supplier (index: 3)
แมปฟิลด์ location กับคอลัมน์ location pick (index: 4)
ผลลัพธ์การแมปปิ้ง: {"group_name":1,"part_number":2,"model":5,"date":6,"time":7,"rotation":0,"supplier":3,"location":4}

========= 2026-01-13 13:37:54 =========
คอลัมน์ที่พบในไฟล์ CSV:
[0] Rotation
[1] Part_Group
[2] Part_Number
[3] Supplier
[4] Location Pick
[5] Model
[6] Date
[7] Time
แมปฟิลด์ rotation กับคอลัมน์ rotation (index: 0)
แมปฟิลด์ supplier กับคอลัมน์ supplier (index: 3)
แมปฟิลด์ location กับคอลัมน์ location pick (index: 4)
ผลลัพธ์การแมปปิ้ง: {"group_name":1,"part_number":2,"model":5,"date":6,"time":7,"rotation":0,"supplier":3,"location":4}

========= 2026-01-13 13:39:09 =========
คอลัมน์ที่พบในไฟล์ CSV:
[0] Rotation
[1] Part_Group
[2] Part_Number
[3] Supplier
[4] Location Pick
[5] Model
[6] Date
[7] Time
แมปฟิลด์ rotation กับคอลัมน์ rotation (index: 0)
แมปฟิลด์ supplier กับคอลัมน์ supplier (index: 3)
แมปฟิลด์ location กับคอลัมน์ location pick (index: 4)
ผลลัพธ์การแมปปิ้ง: {"group_name":1,"part_number":2,"model":5,"date":6,"time":7,"rotation":0,"supplier":3,"location":4}

========= 2026-01-13 13:39:11 =========
คอลัมน์ที่พบในไฟล์ CSV:
[0] Rotation
[1] Part_Group
[2] Part_Number
[3] Supplier
[4] Location Pick
[5] Model
[6] Date
[7] Time
แมปฟิลด์ rotation กับคอลัมน์ rotation (index: 0)
แมปฟิลด์ supplier กับคอลัมน์ supplier (index: 3)
แมปฟิลด์ location กับคอลัมน์ location pick (index: 4)
ผลลัพธ์การแมปปิ้ง: {"group_name":1,"part_number":2,"model":5,"date":6,"time":7,"rotation":0,"supplier":3,"location":4}

========= 2026-01-13 13:39:33 =========
คอลัมน์ที่พบในไฟล์ CSV:
[0] Rotation
[1] Part_Group
[2] Part_Number
[3] Supplier
[4] Location Pick
[5] Model
[6] Date
[7] Time
แมปฟิลด์ rotation กับคอลัมน์ rotation (index: 0)
แมปฟิลด์ supplier กับคอลัมน์ supplier (index: 3)
แมปฟิลด์ location กับคอลัมน์ location pick (index: 4)
ผลลัพธ์การแมปปิ้ง: {"group_name":1,"part_number":2,"model":5,"date":6,"time":7,"rotation":0,"supplier":3,"location":4}

========= 2026-01-13 13:40:43 =========
คอลัมน์ที่พบในไฟล์ CSV:
[0] Rotation
[1] Part_Group
[2] Part_Number
[3] Supplier
[4] Location Pick
[5] Model
[6] Date
[7] Time
แมปฟิลด์ rotation กับคอลัมน์ rotation (index: 0)
แมปฟิลด์ supplier กับคอลัมน์ supplier (index: 3)
แมปฟิลด์ location กับคอลัมน์ location pick (index: 4)
ผลลัพธ์การแมปปิ้ง: {"group_name":1,"part_number":2,"model":5,"date":6,"time":7,"rotation":0,"supplier":3,"location":4}

========= 2026-01-13 13:42:09 =========
คอลัมน์ที่พบในไฟล์ CSV:
[0] Rotation
[1] Part_Group
[2] Part_Number
[3] Supplier
[4] Location Pick
[5] Model
[6] Date
[7] Time
แมปฟิลด์ rotation กับคอลัมน์ rotation (index: 0)
แมปฟิลด์ supplier กับคอลัมน์ supplier (index: 3)
แมปฟิลด์ location กับคอลัมน์ location pick (index: 4)
ผลลัพธ์การแมปปิ้ง: {"group_name":1,"part_number":2,"model":5,"date":6,"time":7,"rotation":0,"supplier":3,"location":4}

========= 2026-01-13 13:42:12 =========
คอลัมน์ที่พบในไฟล์ CSV:
[0] Rotation
[1] Part_Group
[2] Part_Number
[3] Supplier
[4] Location Pick
[5] Model
[6] Date
[7] Time
แมปฟิลด์ rotation กับคอลัมน์ rotation (index: 0)
แมปฟิลด์ supplier กับคอลัมน์ supplier (index: 3)
แมปฟิลด์ location กับคอลัมน์ location pick (index: 4)
ผลลัพธ์การแมปปิ้ง: {"group_name":1,"part_number":2,"model":5,"date":6,"time":7,"rotation":0,"supplier":3,"location":4}

========= 2026-01-13 13:42:21 =========
คอลัมน์ที่พบในไฟล์ CSV:
[0] Rotation
[1] Part_Group
[2] Part_Number
[3] Supplier
[4] Location Pick
[5] Model
[6] Date
[7] Time
แมปฟิลด์ rotation กับคอลัมน์ rotation (index: 0)
แมปฟิลด์ supplier กับคอลัมน์ supplier (index: 3)
แมปฟิลด์ location กับคอลัมน์ location pick (index: 4)
ผลลัพธ์การแมปปิ้ง: {"group_name":1,"part_number":2,"model":5,"date":6,"time":7,"rotation":0,"supplier":3,"location":4}

========= 2026-01-13 13:42:36 =========
คอลัมน์ที่พบในไฟล์ CSV:
[0] Rotation
[1] Part_Group
[2] Part_Number
[3] Supplier
[4] Location Pick
[5] Model
[6] Date
[7] Time
แมปฟิลด์ rotation กับคอลัมน์ rotation (index: 0)
แมปฟิลด์ supplier กับคอลัมน์ supplier (index: 3)
แมปฟิลด์ location กับคอลัมน์ location pick (index: 4)
ผลลัพธ์การแมปปิ้ง: {"group_name":1,"part_number":2,"model":5,"date":6,"time":7,"rotation":0,"supplier":3,"location":4}

========= 2026-01-13 13:42:40 =========
คอลัมน์ที่พบในไฟล์ CSV:
[0] Rotation
[1] Part_Group
[2] Part_Number
[3] Supplier
[4] Location Pick
[5] Model
[6] Date
[7] Time
แมปฟิลด์ rotation กับคอลัมน์ rotation (index: 0)
แมปฟิลด์ supplier กับคอลัมน์ supplier (index: 3)
แมปฟิลด์ location กับคอลัมน์ location pick (index: 4)
ผลลัพธ์การแมปปิ้ง: {"group_name":1,"part_number":2,"model":5,"date":6,"time":7,"rotation":0,"supplier":3,"location":4}

========= 2026-01-13 13:42:41 =========
คอลัมน์ที่พบในไฟล์ CSV:
[0] Rotation
[1] Part_Group
[2] Part_Number
[3] Supplier
[4] Location Pick
[5] Model
[6] Date
[7] Time
แมปฟิลด์ rotation กับคอลัมน์ rotation (index: 0)
แมปฟิลด์ supplier กับคอลัมน์ supplier (index: 3)
แมปฟิลด์ location กับคอลัมน์ location pick (index: 4)
ผลลัพธ์การแมปปิ้ง: {"group_name":1,"part_number":2,"model":5,"date":6,"time":7,"rotation":0,"supplier":3,"location":4}

========= 2026-01-13 13:43:41 =========
คอลัมน์ที่พบในไฟล์ CSV:
[0] Rotation
[1] Part_Group
[2] Part_Number
[3] Supplier
[4] Location Pick
[5] Model
[6] Date
[7] Time
แมปฟิลด์ rotation กับคอลัมน์ rotation (index: 0)
แมปฟิลด์ supplier กับคอลัมน์ supplier (index: 3)
แมปฟิลด์ location กับคอลัมน์ location pick (index: 4)
ผลลัพธ์การแมปปิ้ง: {"group_name":1,"part_number":2,"model":5,"date":6,"time":7,"rotation":0,"supplier":3,"location":4}

========= 2026-01-13 13:44:06 =========
คอลัมน์ที่พบในไฟล์ CSV:
[0] Rotation
[1] Part_Group
[2] Part_Number
[3] Supplier
[4] Location Pick
[5] Model
[6] Date
[7] Time
แมปฟิลด์ rotation กับคอลัมน์ rotation (index: 0)
แมปฟิลด์ supplier กับคอลัมน์ supplier (index: 3)
แมปฟิลด์ location กับคอลัมน์ location pick (index: 4)
ผลลัพธ์การแมปปิ้ง: {"group_name":1,"part_number":2,"model":5,"date":6,"time":7,"rotation":0,"supplier":3,"location":4}

========= 2026-01-13 13:45:01 =========
คอลัมน์ที่พบในไฟล์ CSV:
[0] Rotation
[1] Part_Group
[2] Part_Number
[3] Supplier
[4] Location Pick
[5] Model
[6] Date
[7] Time
แมปฟิลด์ rotation กับคอลัมน์ rotation (index: 0)
แมปฟิลด์ supplier กับคอลัมน์ supplier (index: 3)
แมปฟิลด์ location กับคอลัมน์ location pick (index: 4)
ผลลัพธ์การแมปปิ้ง: {"group_name":1,"part_number":2,"model":5,"date":6,"time":7,"rotation":0,"supplier":3,"location":4}

========= 2026-01-13 13:45:38 =========
คอลัมน์ที่พบในไฟล์ CSV:
[0] Rotation
[1] Part_Group
[2] Part_Number
[3] Supplier
[4] Location Pick
[5] Model
[6] Date
[7] Time
แมปฟิลด์ rotation กับคอลัมน์ rotation (index: 0)
แมปฟิลด์ supplier กับคอลัมน์ supplier (index: 3)
แมปฟิลด์ location กับคอลัมน์ location pick (index: 4)
ผลลัพธ์การแมปปิ้ง: {"group_name":1,"part_number":2,"model":5,"date":6,"time":7,"rotation":0,"supplier":3,"location":4}

========= 2026-01-13 13:45:46 =========
คอลัมน์ที่พบในไฟล์ CSV:
[0] Rotation
[1] Part_Group
[2] Part_Number
[3] Supplier
[4] Location Pick
[5] Model
[6] Date
[7] Time
แมปฟิลด์ rotation กับคอลัมน์ rotation (index: 0)
แมปฟิลด์ supplier กับคอลัมน์ supplier (index: 3)
แมปฟิลด์ location กับคอลัมน์ location pick (index: 4)
ผลลัพธ์การแมปปิ้ง: {"group_name":1,"part_number":2,"model":5,"date":6,"time":7,"rotation":0,"supplier":3,"location":4}

========= 2026-01-13 13:45:48 =========
คอลัมน์ที่พบในไฟล์ CSV:
[0] Rotation
[1] Part_Group
[2] Part_Number
[3] Supplier
[4] Location Pick
[5] Model
[6] Date
[7] Time
แมปฟิลด์ rotation กับคอลัมน์ rotation (index: 0)
แมปฟิลด์ supplier กับคอลัมน์ supplier (index: 3)
แมปฟิลด์ location กับคอลัมน์ location pick (index: 4)
ผลลัพธ์การแมปปิ้ง: {"group_name":1,"part_number":2,"model":5,"date":6,"time":7,"rotation":0,"supplier":3,"location":4}

========= 2026-01-13 13:45:48 =========
คอลัมน์ที่พบในไฟล์ CSV:
[0] Rotation
[1] Part_Group
[2] Part_Number
[3] Supplier
[4] Location Pick
[5] Model
[6] Date
[7] Time
แมปฟิลด์ rotation กับคอลัมน์ rotation (index: 0)
แมปฟิลด์ supplier กับคอลัมน์ supplier (index: 3)
แมปฟิลด์ location กับคอลัมน์ location pick (index: 4)
ผลลัพธ์การแมปปิ้ง: {"group_name":1,"part_number":2,"model":5,"date":6,"time":7,"rotation":0,"supplier":3,"location":4}

========= 2026-01-13 14:10:44 =========
คอลัมน์ที่พบในไฟล์ CSV:
[0] Rotation
[1] Part_Group
[2] Part_Number
[3] Supplier
[4] Location Pick
[5] Model
[6] Date
[7] Time
แมปฟิลด์ rotation กับคอลัมน์ rotation (index: 0)
แมปฟิลด์ supplier กับคอลัมน์ supplier (index: 3)
แมปฟิลด์ location กับคอลัมน์ location pick (index: 4)
ผลลัพธ์การแมปปิ้ง: {"group_name":1,"part_number":2,"model":5,"date":6,"time":7,"rotation":0,"supplier":3,"location":4}

========= 2026-01-13 14:11:02 =========
คอลัมน์ที่พบในไฟล์ CSV:
[0] Rotation
[1] Part_Group
[2] Part_Number
[3] Supplier
[4] Location Pick
[5] Model
[6] Date
[7] Time
แมปฟิลด์ rotation กับคอลัมน์ rotation (index: 0)
แมปฟิลด์ supplier กับคอลัมน์ supplier (index: 3)
แมปฟิลด์ location กับคอลัมน์ location pick (index: 4)
ผลลัพธ์การแมปปิ้ง: {"group_name":1,"part_number":2,"model":5,"date":6,"time":7,"rotation":0,"supplier":3,"location":4}

========= 2026-01-13 14:11:10 =========
คอลัมน์ที่พบในไฟล์ CSV:
[0] Rotation
[1] Part_Group
[2] Part_Number
[3] Supplier
[4] Location Pick
[5] Model
[6] Date
[7] Time
แมปฟิลด์ rotation กับคอลัมน์ rotation (index: 0)
แมปฟิลด์ supplier กับคอลัมน์ supplier (index: 3)
แมปฟิลด์ location กับคอลัมน์ location pick (index: 4)
ผลลัพธ์การแมปปิ้ง: {"group_name":1,"part_number":2,"model":5,"date":6,"time":7,"rotation":0,"supplier":3,"location":4}

========= 2026-01-13 14:11:47 =========
คอลัมน์ที่พบในไฟล์ CSV:
[0] Rotation
[1] Part_Group
[2] Part_Number
[3] Supplier
[4] Location Pick
[5] Model
[6] Date
[7] Time
แมปฟิลด์ rotation กับคอลัมน์ rotation (index: 0)
แมปฟิลด์ supplier กับคอลัมน์ supplier (index: 3)
แมปฟิลด์ location กับคอลัมน์ location pick (index: 4)
ผลลัพธ์การแมปปิ้ง: {"group_name":1,"part_number":2,"model":5,"date":6,"time":7,"rotation":0,"supplier":3,"location":4}

========= 2026-01-13 14:13:24 =========
คอลัมน์ที่พบในไฟล์ CSV:
[0] Rotation
[1] Part_Group
[2] Part_Number
[3] Supplier
[4] Location Pick
[5] Model
[6] Date
[7] Time
แมปฟิลด์ rotation กับคอลัมน์ rotation (index: 0)
แมปฟิลด์ supplier กับคอลัมน์ supplier (index: 3)
แมปฟิลด์ location กับคอลัมน์ location pick (index: 4)
ผลลัพธ์การแมปปิ้ง: {"group_name":1,"part_number":2,"model":5,"date":6,"time":7,"rotation":0,"supplier":3,"location":4}

========= 2026-01-13 14:14:47 =========
คอลัมน์ที่พบในไฟล์ CSV:
[0] Rotation
[1] Part_Group
[2] Part_Number
[3] Supplier
[4] Location Pick
[5] Model
[6] Date
[7] Time
แมปฟิลด์ rotation กับคอลัมน์ rotation (index: 0)
แมปฟิลด์ supplier กับคอลัมน์ supplier (index: 3)
แมปฟิลด์ location กับคอลัมน์ location pick (index: 4)
ผลลัพธ์การแมปปิ้ง: {"group_name":1,"part_number":2,"model":5,"date":6,"time":7,"rotation":0,"supplier":3,"location":4}

========= 2026-01-13 16:42:24 =========
คอลัมน์ที่พบในไฟล์ CSV:
[0] Rotation
[1] Part_Group
[2] Part_Number
[3] Supplier
[4] Location Pick
[5] Model
[6] Date
[7] Time
แมปฟิลด์ rotation กับคอลัมน์ rotation (index: 0)
แมปฟิลด์ supplier กับคอลัมน์ supplier (index: 3)
แมปฟิลด์ location กับคอลัมน์ location pick (index: 4)
ผลลัพธ์การแมปปิ้ง: {"group_name":1,"part_number":2,"model":5,"date":6,"time":7,"rotation":0,"supplier":3,"location":4}

========= 2026-01-13 16:45:02 =========
คอลัมน์ที่พบในไฟล์ CSV:
[0] Rotation
[1] Part_Group
[2] Part_Number
[3] Supplier
[4] Location Pick
[5] Model
[6] Date
[7] Time
แมปฟิลด์ rotation กับคอลัมน์ rotation (index: 0)
แมปฟิลด์ supplier กับคอลัมน์ supplier (index: 3)
แมปฟิลด์ location กับคอลัมน์ location pick (index: 4)
ผลลัพธ์การแมปปิ้ง: {"group_name":1,"part_number":2,"model":5,"date":6,"time":7,"rotation":0,"supplier":3,"location":4}

========= 2026-01-13 16:46:58 =========
คอลัมน์ที่พบในไฟล์ CSV:
[0] Rotation
[1] Part_Group
[2] Part_Number
[3] Supplier
[4] Location Pick
[5] Model
[6] Date
[7] Time
แมปฟิลด์ rotation กับคอลัมน์ rotation (index: 0)
แมปฟิลด์ supplier กับคอลัมน์ supplier (index: 3)
แมปฟิลด์ location กับคอลัมน์ location pick (index: 4)
ผลลัพธ์การแมปปิ้ง: {"group_name":1,"part_number":2,"model":5,"date":6,"time":7,"rotation":0,"supplier":3,"location":4}

========= 2026-01-13 16:49:00 =========
คอลัมน์ที่พบในไฟล์ CSV:
[0] Rotation
[1] Part_Group
[2] Part_Number
[3] Supplier
[4] Location Pick
[5] Model
[6] Date
[7] Time
แมปฟิลด์ rotation กับคอลัมน์ rotation (index: 0)
แมปฟิลด์ supplier กับคอลัมน์ supplier (index: 3)
แมปฟิลด์ location กับคอลัมน์ location pick (index: 4)
ผลลัพธ์การแมปปิ้ง: {"group_name":1,"part_number":2,"model":5,"date":6,"time":7,"rotation":0,"supplier":3,"location":4}

========= 2026-01-13 16:52:00 =========
คอลัมน์ที่พบในไฟล์ CSV:
[0] Rotation
[1] Part_Group
[2] Part_Number
[3] Supplier
[4] Location Pick
[5] Model
[6] Date
[7] Time
แมปฟิลด์ rotation กับคอลัมน์ rotation (index: 0)
แมปฟิลด์ supplier กับคอลัมน์ supplier (index: 3)
แมปฟิลด์ location กับคอลัมน์ location pick (index: 4)
ผลลัพธ์การแมปปิ้ง: {"group_name":1,"part_number":2,"model":5,"date":6,"time":7,"rotation":0,"supplier":3,"location":4}

========= 2026-01-13 16:52:38 =========
คอลัมน์ที่พบในไฟล์ CSV:
[0] Rotation
[1] Part_Group
[2] Part_Number
[3] Supplier
[4] Location Pick
[5] Model
[6] Date
[7] Time
แมปฟิลด์ rotation กับคอลัมน์ rotation (index: 0)
แมปฟิลด์ supplier กับคอลัมน์ supplier (index: 3)
แมปฟิลด์ location กับคอลัมน์ location pick (index: 4)
ผลลัพธ์การแมปปิ้ง: {"group_name":1,"part_number":2,"model":5,"date":6,"time":7,"rotation":0,"supplier":3,"location":4}

========= 2026-01-13 16:53:18 =========
คอลัมน์ที่พบในไฟล์ CSV:
[0] Rotation
[1] Part_Group
[2] Part_Number
[3] Supplier
[4] Location Pick
[5] Model
[6] Date
[7] Time
แมปฟิลด์ rotation กับคอลัมน์ rotation (index: 0)
แมปฟิลด์ supplier กับคอลัมน์ supplier (index: 3)
แมปฟิลด์ location กับคอลัมน์ location pick (index: 4)
ผลลัพธ์การแมปปิ้ง: {"group_name":1,"part_number":2,"model":5,"date":6,"time":7,"rotation":0,"supplier":3,"location":4}

========= 2026-01-13 16:55:03 =========
คอลัมน์ที่พบในไฟล์ CSV:
[0] Rotation
[1] Part_Group
[2] Part_Number
[3] Supplier
[4] Location Pick
[5] Model
[6] Date
[7] Time
แมปฟิลด์ rotation กับคอลัมน์ rotation (index: 0)
แมปฟิลด์ supplier กับคอลัมน์ supplier (index: 3)
แมปฟิลด์ location กับคอลัมน์ location pick (index: 4)
ผลลัพธ์การแมปปิ้ง: {"group_name":1,"part_number":2,"model":5,"date":6,"time":7,"rotation":0,"supplier":3,"location":4}

========= 2026-01-13 16:56:15 =========
คอลัมน์ที่พบในไฟล์ CSV:
[0] Rotation
[1] Part_Group
[2] Part_Number
[3] Supplier
[4] Location Pick
[5] Model
[6] Date
[7] Time
แมปฟิลด์ rotation กับคอลัมน์ rotation (index: 0)
แมปฟิลด์ supplier กับคอลัมน์ supplier (index: 3)
แมปฟิลด์ location กับคอลัมน์ location pick (index: 4)
ผลลัพธ์การแมปปิ้ง: {"group_name":1,"part_number":2,"model":5,"date":6,"time":7,"rotation":0,"supplier":3,"location":4}

========= 2026-01-13 17:01:06 =========
คอลัมน์ที่พบในไฟล์ CSV:
[0] Rotation
[1] Part_Group
[2] Part_Number
[3] Supplier
[4] Location Pick
[5] Model
[6] Date
[7] Time
แมปฟิลด์ rotation กับคอลัมน์ rotation (index: 0)
แมปฟิลด์ supplier กับคอลัมน์ supplier (index: 3)
แมปฟิลด์ location กับคอลัมน์ location pick (index: 4)
ผลลัพธ์การแมปปิ้ง: {"group_name":1,"part_number":2,"model":5,"date":6,"time":7,"rotation":0,"supplier":3,"location":4}

========= 2026-01-13 17:06:56 =========
คอลัมน์ที่พบในไฟล์ CSV:
[0] Rotation
[1] Part_Group
[2] Part_Number
[3] Supplier
[4] Location Pick
[5] Model
[6] Date
[7] Time
แมปฟิลด์ rotation กับคอลัมน์ rotation (index: 0)
แมปฟิลด์ supplier กับคอลัมน์ supplier (index: 3)
แมปฟิลด์ location กับคอลัมน์ location pick (index: 4)
ผลลัพธ์การแมปปิ้ง: {"group_name":1,"part_number":2,"model":5,"date":6,"time":7,"rotation":0,"supplier":3,"location":4}

========= 2026-01-13 17:07:01 =========
คอลัมน์ที่พบในไฟล์ CSV:
[0] Rotation
[1] Part_Group
[2] Part_Number
[3] Supplier
[4] Location Pick
[5] Model
[6] Date
[7] Time
แมปฟิลด์ rotation กับคอลัมน์ rotation (index: 0)
แมปฟิลด์ supplier กับคอลัมน์ supplier (index: 3)
แมปฟิลด์ location กับคอลัมน์ location pick (index: 4)
ผลลัพธ์การแมปปิ้ง: {"group_name":1,"part_number":2,"model":5,"date":6,"time":7,"rotation":0,"supplier":3,"location":4}

========= 2026-01-13 17:10:13 =========
คอลัมน์ที่พบในไฟล์ CSV:
[0] Rotation
[1] Part_Group
[2] Part_Number
[3] Supplier
[4] Location Pick
[5] Model
[6] Date
[7] Time
แมปฟิลด์ rotation กับคอลัมน์ rotation (index: 0)
แมปฟิลด์ supplier กับคอลัมน์ supplier (index: 3)
แมปฟิลด์ location กับคอลัมน์ location pick (index: 4)
ผลลัพธ์การแมปปิ้ง: {"group_name":1,"part_number":2,"model":5,"date":6,"time":7,"rotation":0,"supplier":3,"location":4}

========= 2026-01-13 17:13:28 =========
คอลัมน์ที่พบในไฟล์ CSV:
[0] Rotation
[1] Part_Group
[2] Part_Number
[3] Supplier
[4] Location Pick
[5] Model
[6] Date
[7] Time
แมปฟิลด์ rotation กับคอลัมน์ rotation (index: 0)
แมปฟิลด์ supplier กับคอลัมน์ supplier (index: 3)
แมปฟิลด์ location กับคอลัมน์ location pick (index: 4)
ผลลัพธ์การแมปปิ้ง: {"group_name":1,"part_number":2,"model":5,"date":6,"time":7,"rotation":0,"supplier":3,"location":4}

========= 2026-01-26 21:57:31 =========
คอลัมน์ที่พบในไฟล์ CSV:
[0] ~LISTEN
ใช้ตำแหน่งเริ่มต้น: rotation = คอลัมน์ 0
ผลลัพธ์การแมปปิ้ง: {"rotation":0}

========= 2026-01-27 17:25:16 =========
คอลัมน์ที่พบในไฟล์ CSV:
[0] Rotation
[1] Part_Group
[2] Part_Number
[3] Supplier
[4] Location Pick
[5] Model
[6] Date
[7] Time
แมปฟิลด์ rotation กับคอลัมน์ rotation (index: 0)
แมปฟิลด์ supplier กับคอลัมน์ supplier (index: 3)
แมปฟิลด์ location กับคอลัมน์ location pick (index: 4)
ผลลัพธ์การแมปปิ้ง: {"group_name":1,"part_number":2,"model":5,"date":6,"time":7,"rotation":0,"supplier":3,"location":4}

========= 2026-01-28 08:41:14 =========
คอลัมน์ที่พบในไฟล์ CSV:
[0] Rotation
[1] PartGroup
[2] Part_Number
[3] Supplier
[4] Location Pick
[5] Model
[6] Date
[7] Time
แมปฟิลด์ rotation กับคอลัมน์ rotation (index: 0)
แมปฟิลด์ group_name กับคอลัมน์ partgroup (index: 1)
แมปฟิลด์ supplier กับคอลัมน์ supplier (index: 3)
แมปฟิลด์ location กับคอลัมน์ location pick (index: 4)
ผลลัพธ์การแมปปิ้ง: {"part_number":2,"model":5,"date":6,"time":7,"rotation":0,"group_name":1,"supplier":3,"location":4}

========= 2026-01-28 10:04:13 =========
คอลัมน์ที่พบในไฟล์ CSV:
[0] Rotation
[1] PartGroup
[2] Part_Number
[3] Supplier
[4] Location Pick
[5] Model
[6] Date
[7] Time
แมปฟิลด์ rotation กับคอลัมน์ rotation (index: 0)
แมปฟิลด์ group_name กับคอลัมน์ partgroup (index: 1)
แมปฟิลด์ supplier กับคอลัมน์ supplier (index: 3)
แมปฟิลด์ location กับคอลัมน์ location pick (index: 4)
ผลลัพธ์การแมปปิ้ง: {"part_number":2,"model":5,"date":6,"time":7,"rotation":0,"group_name":1,"supplier":3,"location":4}

========= 2026-01-28 12:27:31 =========
คอลัมน์ที่พบในไฟล์ CSV:
[0] Rotation
[1] PartGroup
[2] Part_Number
[3] Supplier
[4] Location Pick
[5] Model
[6] Date
[7] Time
แมปฟิลด์ rotation กับคอลัมน์ rotation (index: 0)
แมปฟิลด์ group_name กับคอลัมน์ partgroup (index: 1)
แมปฟิลด์ supplier กับคอลัมน์ supplier (index: 3)
แมปฟิลด์ location กับคอลัมน์ location pick (index: 4)
ผลลัพธ์การแมปปิ้ง: {"part_number":2,"model":5,"date":6,"time":7,"rotation":0,"group_name":1,"supplier":3,"location":4}

========= 2026-01-28 12:44:07 =========
คอลัมน์ที่พบในไฟล์ CSV:
[0] Rotation
[1] PartGroup
[2] Part_Number
[3] Supplier
[4] Location Pick
[5] Model
[6] Date
[7] Time
แมปฟิลด์ rotation กับคอลัมน์ rotation (index: 0)
แมปฟิลด์ group_name กับคอลัมน์ partgroup (index: 1)
แมปฟิลด์ supplier กับคอลัมน์ supplier (index: 3)
แมปฟิลด์ location กับคอลัมน์ location pick (index: 4)
ผลลัพธ์การแมปปิ้ง: {"part_number":2,"model":5,"date":6,"time":7,"rotation":0,"group_name":1,"supplier":3,"location":4}

========= 2026-01-28 12:55:36 =========
คอลัมน์ที่พบในไฟล์ CSV:
[0] Rotation
[1] PartGroup
[2] Part_Number
[3] Supplier
[4] Location Pick
[5] Model
[6] Date
[7] Time
แมปฟิลด์ rotation กับคอลัมน์ rotation (index: 0)
แมปฟิลด์ group_name กับคอลัมน์ partgroup (index: 1)
แมปฟิลด์ supplier กับคอลัมน์ supplier (index: 3)
แมปฟิลด์ location กับคอลัมน์ location pick (index: 4)
ผลลัพธ์การแมปปิ้ง: {"part_number":2,"model":5,"date":6,"time":7,"rotation":0,"group_name":1,"supplier":3,"location":4}

========= 2026-01-28 14:24:14 =========
คอลัมน์ที่พบในไฟล์ CSV:
[0] Rotation
[1] PartGroup
[2] Part_Number
[3] Supplier
[4] Location Pick
[5] Model
[6] Date
[7] Time
แมปฟิลด์ rotation กับคอลัมน์ rotation (index: 0)
แมปฟิลด์ group_name กับคอลัมน์ partgroup (index: 1)
แมปฟิลด์ supplier กับคอลัมน์ supplier (index: 3)
แมปฟิลด์ location กับคอลัมน์ location pick (index: 4)
ผลลัพธ์การแมปปิ้ง: {"part_number":2,"model":5,"date":6,"time":7,"rotation":0,"group_name":1,"supplier":3,"location":4}

========= 2026-01-28 14:26:20 =========
คอลัมน์ที่พบในไฟล์ CSV:
[0] Rotation
[1] PartGroup
[2] Part_Number
[3] Supplier
[4] Location Pick
[5] Model
[6] Date
[7] Time
แมปฟิลด์ rotation กับคอลัมน์ rotation (index: 0)
แมปฟิลด์ group_name กับคอลัมน์ partgroup (index: 1)
แมปฟิลด์ supplier กับคอลัมน์ supplier (index: 3)
แมปฟิลด์ location กับคอลัมน์ location pick (index: 4)
ผลลัพธ์การแมปปิ้ง: {"part_number":2,"model":5,"date":6,"time":7,"rotation":0,"group_name":1,"supplier":3,"location":4}

========= 2026-01-28 14:33:44 =========
คอลัมน์ที่พบในไฟล์ CSV:
[0] Rotation
[1] PartGroup
[2] Part_Number
[3] Supplier
[4] Location Pick
[5] Model
[6] Date
[7] Time
แมปฟิลด์ rotation กับคอลัมน์ rotation (index: 0)
แมปฟิลด์ group_name กับคอลัมน์ partgroup (index: 1)
แมปฟิลด์ supplier กับคอลัมน์ supplier (index: 3)
แมปฟิลด์ location กับคอลัมน์ location pick (index: 4)
ผลลัพธ์การแมปปิ้ง: {"part_number":2,"model":5,"date":6,"time":7,"rotation":0,"group_name":1,"supplier":3,"location":4}

========= 2026-01-28 14:51:38 =========
คอลัมน์ที่พบในไฟล์ CSV:
[0] Rotation
[1] PartGroup
[2] Part_Number
[3] Supplier
[4] Location Pick
[5] Model
[6] Date
[7] Time
แมปฟิลด์ rotation กับคอลัมน์ rotation (index: 0)
แมปฟิลด์ group_name กับคอลัมน์ partgroup (index: 1)
แมปฟิลด์ supplier กับคอลัมน์ supplier (index: 3)
แมปฟิลด์ location กับคอลัมน์ location pick (index: 4)
ผลลัพธ์การแมปปิ้ง: {"part_number":2,"model":5,"date":6,"time":7,"rotation":0,"group_name":1,"supplier":3,"location":4}

========= 2026-01-28 14:54:31 =========
คอลัมน์ที่พบในไฟล์ CSV:
[0] Rotation
[1] PartGroup
[2] Part_Number
[3] Supplier
[4] Location Pick
[5] Model
[6] Date
[7] Time
แมปฟิลด์ rotation กับคอลัมน์ rotation (index: 0)
แมปฟิลด์ group_name กับคอลัมน์ partgroup (index: 1)
แมปฟิลด์ supplier กับคอลัมน์ supplier (index: 3)
แมปฟิลด์ location กับคอลัมน์ location pick (index: 4)
ผลลัพธ์การแมปปิ้ง: {"part_number":2,"model":5,"date":6,"time":7,"rotation":0,"group_name":1,"supplier":3,"location":4}

========= 2026-01-28 15:29:02 =========
คอลัมน์ที่พบในไฟล์ CSV:
[0] Rotation
[1] PartGroup
[2] Part_Number
[3] Supplier
[4] Location Pick
[5] Model
[6] Date
[7] Time
แมปฟิลด์ rotation กับคอลัมน์ rotation (index: 0)
แมปฟิลด์ group_name กับคอลัมน์ partgroup (index: 1)
แมปฟิลด์ supplier กับคอลัมน์ supplier (index: 3)
แมปฟิลด์ location กับคอลัมน์ location pick (index: 4)
ผลลัพธ์การแมปปิ้ง: {"part_number":2,"model":5,"date":6,"time":7,"rotation":0,"group_name":1,"supplier":3,"location":4}

========= 2026-01-28 15:30:32 =========
คอลัมน์ที่พบในไฟล์ CSV:
[0] Rotation
[1] PartGroup
[2] Part_Number
[3] Supplier
[4] Location Pick
[5] Model
[6] Date
[7] Time
แมปฟิลด์ rotation กับคอลัมน์ rotation (index: 0)
แมปฟิลด์ group_name กับคอลัมน์ partgroup (index: 1)
แมปฟิลด์ supplier กับคอลัมน์ supplier (index: 3)
แมปฟิลด์ location กับคอลัมน์ location pick (index: 4)
ผลลัพธ์การแมปปิ้ง: {"part_number":2,"model":5,"date":6,"time":7,"rotation":0,"group_name":1,"supplier":3,"location":4}

========= 2026-01-28 15:50:42 =========
คอลัมน์ที่พบในไฟล์ CSV:
[0] Rotation
[1] PartGroup
[2] Part_Number
[3] Supplier
[4] Location Pick
[5] Model
[6] Date
[7] Time
แมปฟิลด์ rotation กับคอลัมน์ rotation (index: 0)
แมปฟิลด์ group_name กับคอลัมน์ partgroup (index: 1)
แมปฟิลด์ supplier กับคอลัมน์ supplier (index: 3)
แมปฟิลด์ location กับคอลัมน์ location pick (index: 4)
ผลลัพธ์การแมปปิ้ง: {"part_number":2,"model":5,"date":6,"time":7,"rotation":0,"group_name":1,"supplier":3,"location":4}

========= 2026-01-28 15:51:06 =========
คอลัมน์ที่พบในไฟล์ CSV:
[0] Rotation
[1] PartGroup
[2] Part_Number
[3] Supplier
[4] Location Pick
[5] Model
[6] Date
[7] Time
แมปฟิลด์ rotation กับคอลัมน์ rotation (index: 0)
แมปฟิลด์ group_name กับคอลัมน์ partgroup (index: 1)
แมปฟิลด์ supplier กับคอลัมน์ supplier (index: 3)
แมปฟิลด์ location กับคอลัมน์ location pick (index: 4)
ผลลัพธ์การแมปปิ้ง: {"part_number":2,"model":5,"date":6,"time":7,"rotation":0,"group_name":1,"supplier":3,"location":4}

========= 2026-01-28 15:51:32 =========
คอลัมน์ที่พบในไฟล์ CSV:
[0] Rotation
[1] PartGroup
[2] Part_Number
[3] Supplier
[4] Location Pick
[5] Model
[6] Date
[7] Time
แมปฟิลด์ rotation กับคอลัมน์ rotation (index: 0)
แมปฟิลด์ group_name กับคอลัมน์ partgroup (index: 1)
แมปฟิลด์ supplier กับคอลัมน์ supplier (index: 3)
แมปฟิลด์ location กับคอลัมน์ location pick (index: 4)
ผลลัพธ์การแมปปิ้ง: {"part_number":2,"model":5,"date":6,"time":7,"rotation":0,"group_name":1,"supplier":3,"location":4}

========= 2026-01-28 15:51:53 =========
คอลัมน์ที่พบในไฟล์ CSV:
[0] Rotation
[1] PartGroup
[2] Part_Number
[3] Supplier
[4] Location Pick
[5] Model
[6] Date
[7] Time
แมปฟิลด์ rotation กับคอลัมน์ rotation (index: 0)
แมปฟิลด์ group_name กับคอลัมน์ partgroup (index: 1)
แมปฟิลด์ supplier กับคอลัมน์ supplier (index: 3)
แมปฟิลด์ location กับคอลัมน์ location pick (index: 4)
ผลลัพธ์การแมปปิ้ง: {"part_number":2,"model":5,"date":6,"time":7,"rotation":0,"group_name":1,"supplier":3,"location":4}

========= 2026-01-28 16:03:56 =========
คอลัมน์ที่พบในไฟล์ CSV:
[0] Rotation
[1] PartGroup
[2] Part_Number
[3] Supplier
[4] Location Pick
[5] Model
[6] Date
[7] Time
แมปฟิลด์ rotation กับคอลัมน์ rotation (index: 0)
แมปฟิลด์ group_name กับคอลัมน์ partgroup (index: 1)
แมปฟิลด์ supplier กับคอลัมน์ supplier (index: 3)
แมปฟิลด์ location กับคอลัมน์ location pick (index: 4)
ผลลัพธ์การแมปปิ้ง: {"part_number":2,"model":5,"date":6,"time":7,"rotation":0,"group_name":1,"supplier":3,"location":4}

========= 2026-01-28 16:09:26 =========
คอลัมน์ที่พบในไฟล์ CSV:
[0] Rotation
[1] PartGroup
[2] Part_Number
[3] Supplier
[4] Location Pick
[5] Model
[6] Date
[7] Time
แมปฟิลด์ rotation กับคอลัมน์ rotation (index: 0)
แมปฟิลด์ group_name กับคอลัมน์ partgroup (index: 1)
แมปฟิลด์ supplier กับคอลัมน์ supplier (index: 3)
แมปฟิลด์ location กับคอลัมน์ location pick (index: 4)
ผลลัพธ์การแมปปิ้ง: {"part_number":2,"model":5,"date":6,"time":7,"rotation":0,"group_name":1,"supplier":3,"location":4}

========= 2026-01-28 16:23:22 =========
คอลัมน์ที่พบในไฟล์ CSV:
[0] Rotation
[1] PartGroup
[2] Part_Number
[3] Supplier
[4] Location Pick
[5] Model
[6] Date
[7] Time
แมปฟิลด์ rotation กับคอลัมน์ rotation (index: 0)
แมปฟิลด์ group_name กับคอลัมน์ partgroup (index: 1)
แมปฟิลด์ supplier กับคอลัมน์ supplier (index: 3)
แมปฟิลด์ location กับคอลัมน์ location pick (index: 4)
ผลลัพธ์การแมปปิ้ง: {"part_number":2,"model":5,"date":6,"time":7,"rotation":0,"group_name":1,"supplier":3,"location":4}

========= 2026-01-30 16:57:59 =========
คอลัมน์ที่พบในไฟล์ CSV:
[0] Rotation
[1] PartGroup
[2] Part_Number
[3] Supplier
[4] Location Pick
[5] Model
[6] Date
[7] Time
แมปฟิลด์ rotation กับคอลัมน์ rotation (index: 0)
แมปฟิลด์ group_name กับคอลัมน์ partgroup (index: 1)
แมปฟิลด์ supplier กับคอลัมน์ supplier (index: 3)
แมปฟิลด์ location กับคอลัมน์ location pick (index: 4)
ผลลัพธ์การแมปปิ้ง: {"part_number":2,"model":5,"date":6,"time":7,"rotation":0,"group_name":1,"supplier":3,"location":4}

========= 2026-01-30 17:31:10 =========
คอลัมน์ที่พบในไฟล์ CSV:
[0] Rotation
[1] PartGroup
[2] Part_Number
[3] Supplier
[4] Location Pick
[5] Model
[6] Date
[7] Time
แมปฟิลด์ rotation กับคอลัมน์ rotation (index: 0)
แมปฟิลด์ group_name กับคอลัมน์ partgroup (index: 1)
แมปฟิลด์ supplier กับคอลัมน์ supplier (index: 3)
แมปฟิลด์ location กับคอลัมน์ location pick (index: 4)
ผลลัพธ์การแมปปิ้ง: {"part_number":2,"model":5,"date":6,"time":7,"rotation":0,"group_name":1,"supplier":3,"location":4}

========= 2026-01-30 18:12:08 =========
คอลัมน์ที่พบในไฟล์ CSV:
[0] Rotation
[1] PartGroup
[2] Part_Number
[3] Supplier
[4] Location Pick
[5] Model
[6] Date
[7] Time
แมปฟิลด์ rotation กับคอลัมน์ rotation (index: 0)
แมปฟิลด์ group_name กับคอลัมน์ partgroup (index: 1)
แมปฟิลด์ supplier กับคอลัมน์ supplier (index: 3)
แมปฟิลด์ location กับคอลัมน์ location pick (index: 4)
ผลลัพธ์การแมปปิ้ง: {"part_number":2,"model":5,"date":6,"time":7,"rotation":0,"group_name":1,"supplier":3,"location":4}

========= 2026-01-30 18:24:23 =========
คอลัมน์ที่พบในไฟล์ CSV:
[0] Rotation
[1] PartGroup
[2] Part_Number
[3] Supplier
[4] Location Pick
[5] Model
[6] Date
[7] Time
แมปฟิลด์ rotation กับคอลัมน์ rotation (index: 0)
แมปฟิลด์ group_name กับคอลัมน์ partgroup (index: 1)
แมปฟิลด์ supplier กับคอลัมน์ supplier (index: 3)
แมปฟิลด์ location กับคอลัมน์ location pick (index: 4)
ผลลัพธ์การแมปปิ้ง: {"part_number":2,"model":5,"date":6,"time":7,"rotation":0,"group_name":1,"supplier":3,"location":4}

========= 2026-01-30 18:30:54 =========
คอลัมน์ที่พบในไฟล์ CSV:
[0] Rotation
[1] PartGroup
[2] Part_Number
[3] Supplier
[4] Location Pick
[5] Model
[6] Date
[7] Time
แมปฟิลด์ rotation กับคอลัมน์ rotation (index: 0)
แมปฟิลด์ group_name กับคอลัมน์ partgroup (index: 1)
แมปฟิลด์ supplier กับคอลัมน์ supplier (index: 3)
แมปฟิลด์ location กับคอลัมน์ location pick (index: 4)
ผลลัพธ์การแมปปิ้ง: {"part_number":2,"model":5,"date":6,"time":7,"rotation":0,"group_name":1,"supplier":3,"location":4}

========= 2026-01-30 18:31:09 =========
คอลัมน์ที่พบในไฟล์ CSV:
[0] Rotation
[1] PartGroup
[2] Part_Number
[3] Supplier
[4] Location Pick
[5] Model
[6] Date
[7] Time
แมปฟิลด์ rotation กับคอลัมน์ rotation (index: 0)
แมปฟิลด์ group_name กับคอลัมน์ partgroup (index: 1)
แมปฟิลด์ supplier กับคอลัมน์ supplier (index: 3)
แมปฟิลด์ location กับคอลัมน์ location pick (index: 4)
ผลลัพธ์การแมปปิ้ง: {"part_number":2,"model":5,"date":6,"time":7,"rotation":0,"group_name":1,"supplier":3,"location":4}

========= 2026-01-30 19:30:55 =========
คอลัมน์ที่พบในไฟล์ CSV:
[0] Rotation
[1] PartGroup
[2] Part_Number
[3] Supplier
[4] Location Pick
[5] Model
[6] Date
[7] Time
แมปฟิลด์ rotation กับคอลัมน์ rotation (index: 0)
แมปฟิลด์ group_name กับคอลัมน์ partgroup (index: 1)
แมปฟิลด์ supplier กับคอลัมน์ supplier (index: 3)
แมปฟิลด์ location กับคอลัมน์ location pick (index: 4)
ผลลัพธ์การแมปปิ้ง: {"part_number":2,"model":5,"date":6,"time":7,"rotation":0,"group_name":1,"supplier":3,"location":4}

========= 2026-02-02 11:00:24 =========
คอลัมน์ที่พบในไฟล์ CSV:
[0] Rotation
[1] PartGroup
[2] Part_Number
[3] Supplier
[4] Location Pick
[5] Model
[6] Date
[7] Time
แมปฟิลด์ rotation กับคอลัมน์ rotation (index: 0)
แมปฟิลด์ group_name กับคอลัมน์ partgroup (index: 1)
แมปฟิลด์ supplier กับคอลัมน์ supplier (index: 3)
แมปฟิลด์ location กับคอลัมน์ location pick (index: 4)
ผลลัพธ์การแมปปิ้ง: {"part_number":2,"model":5,"date":6,"time":7,"rotation":0,"group_name":1,"supplier":3,"location":4}

========= 2026-02-02 11:49:23 =========
คอลัมน์ที่พบในไฟล์ CSV:
[0] Rotation
[1] PartGroup
[2] Part_Number
[3] Supplier
[4] Location Pick
[5] Model
[6] Date
[7] Time
แมปฟิลด์ rotation กับคอลัมน์ rotation (index: 0)
แมปฟิลด์ group_name กับคอลัมน์ partgroup (index: 1)
แมปฟิลด์ supplier กับคอลัมน์ supplier (index: 3)
แมปฟิลด์ location กับคอลัมน์ location pick (index: 4)
ผลลัพธ์การแมปปิ้ง: {"part_number":2,"model":5,"date":6,"time":7,"rotation":0,"group_name":1,"supplier":3,"location":4}

========= 2026-02-02 11:52:51 =========
คอลัมน์ที่พบในไฟล์ CSV:
[0] Rotation
[1] PartGroup
[2] Part_Number
[3] Supplier
[4] Location Pick
[5] Model
[6] Date
[7] Time
แมปฟิลด์ rotation กับคอลัมน์ rotation (index: 0)
แมปฟิลด์ group_name กับคอลัมน์ partgroup (index: 1)
แมปฟิลด์ supplier กับคอลัมน์ supplier (index: 3)
แมปฟิลด์ location กับคอลัมน์ location pick (index: 4)
ผลลัพธ์การแมปปิ้ง: {"part_number":2,"model":5,"date":6,"time":7,"rotation":0,"group_name":1,"supplier":3,"location":4}

========= 2026-02-02 12:44:12 =========
คอลัมน์ที่พบในไฟล์ CSV:
[0] Rotation
[1] PartGroup
[2] Part_Number
[3] Supplier
[4] Location Pick
[5] Model
[6] Date
[7] Time
แมปฟิลด์ rotation กับคอลัมน์ rotation (index: 0)
แมปฟิลด์ group_name กับคอลัมน์ partgroup (index: 1)
แมปฟิลด์ supplier กับคอลัมน์ supplier (index: 3)
แมปฟิลด์ location กับคอลัมน์ location pick (index: 4)
ผลลัพธ์การแมปปิ้ง: {"part_number":2,"model":5,"date":6,"time":7,"rotation":0,"group_name":1,"supplier":3,"location":4}

========= 2026-02-05 11:27:33 =========
คอลัมน์ที่พบในไฟล์ CSV:
[0] Rotation
[1] PartGroup
[2] Part_Number
[3] Supplier
[4] Location Pick
[5] Model
[6] Date
[7] Time
แมปฟิลด์ rotation กับคอลัมน์ rotation (index: 0)
แมปฟิลด์ group_name กับคอลัมน์ partgroup (index: 1)
แมปฟิลด์ supplier กับคอลัมน์ supplier (index: 3)
แมปฟิลด์ location กับคอลัมน์ location pick (index: 4)
ผลลัพธ์การแมปปิ้ง: {"part_number":2,"model":5,"date":6,"time":7,"rotation":0,"group_name":1,"supplier":3,"location":4}

========= 2026-02-05 12:31:01 =========
คอลัมน์ที่พบในไฟล์ CSV:
[0] Rotation
[1] PartGroup
[2] Part_Number
[3] Supplier
[4] Location Pick
[5] Model
[6] Date
[7] Time
แมปฟิลด์ rotation กับคอลัมน์ rotation (index: 0)
แมปฟิลด์ group_name กับคอลัมน์ partgroup (index: 1)
แมปฟิลด์ supplier กับคอลัมน์ supplier (index: 3)
แมปฟิลด์ location กับคอลัมน์ location pick (index: 4)
ผลลัพธ์การแมปปิ้ง: {"part_number":2,"model":5,"date":6,"time":7,"rotation":0,"group_name":1,"supplier":3,"location":4}

========= 2026-02-05 17:00:36 =========
คอลัมน์ที่พบในไฟล์ CSV:
[0] Rotation
[1] PartGroup
[2] Part_Number
[3] Supplier
[4] Location Pick
[5] Model
[6] Date
[7] Time
แมปฟิลด์ rotation กับคอลัมน์ rotation (index: 0)
แมปฟิลด์ group_name กับคอลัมน์ partgroup (index: 1)
แมปฟิลด์ supplier กับคอลัมน์ supplier (index: 3)
แมปฟิลด์ location กับคอลัมน์ location pick (index: 4)
ผลลัพธ์การแมปปิ้ง: {"part_number":2,"model":5,"date":6,"time":7,"rotation":0,"group_name":1,"supplier":3,"location":4}

========= 2026-03-18 14:33:05 =========
คอลัมน์ที่พบในไฟล์ CSV:
[0] Rotation
[1] PartGroup
[2] Part_Number
[3] Supplier
[4] Location Pick
[5] Model
[6] Date
[7] Time
แมปฟิลด์ rotation กับคอลัมน์ rotation (index: 0)
แมปฟิลด์ group_name กับคอลัมน์ partgroup (index: 1)
แมปฟิลด์ supplier กับคอลัมน์ supplier (index: 3)
แมปฟิลด์ location กับคอลัมน์ location pick (index: 4)
ผลลัพธ์การแมปปิ้ง: {"part_number":2,"model":5,"date":6,"time":7,"rotation":0,"group_name":1,"supplier":3,"location":4}

========= 2026-03-18 14:39:57 =========
คอลัมน์ที่พบในไฟล์ CSV:
[0] Rotation
[1] PartGroup
[2] Part_Number
[3] Supplier
[4] Location Pick
[5] Model
[6] Date
[7] Time
แมปฟิลด์ rotation กับคอลัมน์ rotation (index: 0)
แมปฟิลด์ group_name กับคอลัมน์ partgroup (index: 1)
แมปฟิลด์ supplier กับคอลัมน์ supplier (index: 3)
แมปฟิลด์ location กับคอลัมน์ location pick (index: 4)
ผลลัพธ์การแมปปิ้ง: {"part_number":2,"model":5,"date":6,"time":7,"rotation":0,"group_name":1,"supplier":3,"location":4}

========= 2026-03-18 18:13:40 =========
คอลัมน์ที่พบในไฟล์ CSV:
[0] Rotation
[1] PartGroup
[2] Part_Number
[3] Supplier
[4] Location Pick
[5] Model
[6] Date
[7] Time
แมปฟิลด์ rotation กับคอลัมน์ rotation (index: 0)
แมปฟิลด์ group_name กับคอลัมน์ partgroup (index: 1)
แมปฟิลด์ supplier กับคอลัมน์ supplier (index: 3)
แมปฟิลด์ location กับคอลัมน์ location pick (index: 4)
ผลลัพธ์การแมปปิ้ง: {"part_number":2,"model":5,"date":6,"time":7,"rotation":0,"group_name":1,"supplier":3,"location":4}

========= 2026-03-18 18:14:56 =========
คอลัมน์ที่พบในไฟล์ CSV:
[0] Rotation
[1] PartGroup
[2] Part_Number
[3] Supplier
[4] Location Pick
[5] Model
[6] Date
[7] Time
แมปฟิลด์ rotation กับคอลัมน์ rotation (index: 0)
แมปฟิลด์ group_name กับคอลัมน์ partgroup (index: 1)
แมปฟิลด์ supplier กับคอลัมน์ supplier (index: 3)
แมปฟิลด์ location กับคอลัมน์ location pick (index: 4)
ผลลัพธ์การแมปปิ้ง: {"part_number":2,"model":5,"date":6,"time":7,"rotation":0,"group_name":1,"supplier":3,"location":4}

========= 2026-03-18 18:15:44 =========
คอลัมน์ที่พบในไฟล์ CSV:
[0] Rotation
[1] PartGroup
[2] Part_Number
[3] Supplier
[4] Location Pick
[5] Model
[6] Date
[7] Time
แมปฟิลด์ rotation กับคอลัมน์ rotation (index: 0)
แมปฟิลด์ group_name กับคอลัมน์ partgroup (index: 1)
แมปฟิลด์ supplier กับคอลัมน์ supplier (index: 3)
แมปฟิลด์ location กับคอลัมน์ location pick (index: 4)
ผลลัพธ์การแมปปิ้ง: {"part_number":2,"model":5,"date":6,"time":7,"rotation":0,"group_name":1,"supplier":3,"location":4}

========= 2026-03-18 18:17:00 =========
คอลัมน์ที่พบในไฟล์ CSV:
[0] Rotation
[1] PartGroup
[2] Part_Number
[3] Supplier
[4] Location Pick
[5] Model
[6] Date
[7] Time
แมปฟิลด์ rotation กับคอลัมน์ rotation (index: 0)
แมปฟิลด์ group_name กับคอลัมน์ partgroup (index: 1)
แมปฟิลด์ supplier กับคอลัมน์ supplier (index: 3)
แมปฟิลด์ location กับคอลัมน์ location pick (index: 4)
ผลลัพธ์การแมปปิ้ง: {"part_number":2,"model":5,"date":6,"time":7,"rotation":0,"group_name":1,"supplier":3,"location":4}

========= 2026-03-18 18:20:29 =========
คอลัมน์ที่พบในไฟล์ CSV:
[0] Rotation
[1] PartGroup
[2] Part_Number
[3] Supplier
[4] Location Pick
[5] Model
[6] Date
[7] Time
แมปฟิลด์ rotation กับคอลัมน์ rotation (index: 0)
แมปฟิลด์ group_name กับคอลัมน์ partgroup (index: 1)
แมปฟิลด์ supplier กับคอลัมน์ supplier (index: 3)
แมปฟิลด์ location กับคอลัมน์ location pick (index: 4)
ผลลัพธ์การแมปปิ้ง: {"part_number":2,"model":5,"date":6,"time":7,"rotation":0,"group_name":1,"supplier":3,"location":4}

========= 2026-03-18 18:24:08 =========
คอลัมน์ที่พบในไฟล์ CSV:
[0] Rotation
[1] PartGroup
[2] Part_Number
[3] Supplier
[4] Location Pick
[5] Model
[6] Date
[7] Time
แมปฟิลด์ rotation กับคอลัมน์ rotation (index: 0)
แมปฟิลด์ group_name กับคอลัมน์ partgroup (index: 1)
แมปฟิลด์ supplier กับคอลัมน์ supplier (index: 3)
แมปฟิลด์ location กับคอลัมน์ location pick (index: 4)
ผลลัพธ์การแมปปิ้ง: {"part_number":2,"model":5,"date":6,"time":7,"rotation":0,"group_name":1,"supplier":3,"location":4}

========= 2026-03-18 18:26:15 =========
คอลัมน์ที่พบในไฟล์ CSV:
[0] Rotation
[1] PartGroup
[2] Part_Number
[3] Supplier
[4] Location Pick
[5] Model
[6] Date
[7] Time
แมปฟิลด์ rotation กับคอลัมน์ rotation (index: 0)
แมปฟิลด์ group_name กับคอลัมน์ partgroup (index: 1)
แมปฟิลด์ supplier กับคอลัมน์ supplier (index: 3)
แมปฟิลด์ location กับคอลัมน์ location pick (index: 4)
ผลลัพธ์การแมปปิ้ง: {"part_number":2,"model":5,"date":6,"time":7,"rotation":0,"group_name":1,"supplier":3,"location":4}

========= 2026-03-18 18:27:14 =========
คอลัมน์ที่พบในไฟล์ CSV:
[0] Rotation
[1] PartGroup
[2] Part_Number
[3] Supplier
[4] Location Pick
[5] Model
[6] Date
[7] Time
แมปฟิลด์ rotation กับคอลัมน์ rotation (index: 0)
แมปฟิลด์ group_name กับคอลัมน์ partgroup (index: 1)
แมปฟิลด์ supplier กับคอลัมน์ supplier (index: 3)
แมปฟิลด์ location กับคอลัมน์ location pick (index: 4)
ผลลัพธ์การแมปปิ้ง: {"part_number":2,"model":5,"date":6,"time":7,"rotation":0,"group_name":1,"supplier":3,"location":4}

========= 2026-03-18 18:34:10 =========
คอลัมน์ที่พบในไฟล์ CSV:
[0] Rotation
[1] PartGroup
[2] Part_Number
[3] Supplier
[4] Location Pick
[5] Model
[6] Date
[7] Time
แมปฟิลด์ rotation กับคอลัมน์ rotation (index: 0)
แมปฟิลด์ group_name กับคอลัมน์ partgroup (index: 1)
แมปฟิลด์ supplier กับคอลัมน์ supplier (index: 3)
แมปฟิลด์ location กับคอลัมน์ location pick (index: 4)
ผลลัพธ์การแมปปิ้ง: {"part_number":2,"model":5,"date":6,"time":7,"rotation":0,"group_name":1,"supplier":3,"location":4}

========= 2026-03-18 18:39:10 =========
คอลัมน์ที่พบในไฟล์ CSV:
[0] Rotation
[1] PartGroup
[2] Part_Number
[3] Supplier
[4] Location Pick
[5] Model
[6] Date
[7] Time
แมปฟิลด์ rotation กับคอลัมน์ rotation (index: 0)
แมปฟิลด์ group_name กับคอลัมน์ partgroup (index: 1)
แมปฟิลด์ supplier กับคอลัมน์ supplier (index: 3)
แมปฟิลด์ location กับคอลัมน์ location pick (index: 4)
ผลลัพธ์การแมปปิ้ง: {"part_number":2,"model":5,"date":6,"time":7,"rotation":0,"group_name":1,"supplier":3,"location":4}

========= 2026-04-06 23:04:55 =========
คอลัมน์ที่พบในไฟล์ CSV:
[0] Rotation
[1] PartGroup
[2] Part_Number
[3] Supplier
[4] Location Pick
[5] Model
[6] Date
[7] Time
แมปฟิลด์ rotation กับคอลัมน์ rotation (index: 0)
แมปฟิลด์ group_name กับคอลัมน์ partgroup (index: 1)
แมปฟิลด์ supplier กับคอลัมน์ supplier (index: 3)
แมปฟิลด์ location กับคอลัมน์ location pick (index: 4)
ผลลัพธ์การแมปปิ้ง: {"part_number":2,"model":5,"date":6,"time":7,"rotation":0,"group_name":1,"supplier":3,"location":4}

========= 2026-04-09 06:45:57 =========
คอลัมน์ที่พบในไฟล์ CSV:
[0] Rotation
[1] PartGroup
[2] Part_Number
[3] Supplier
[4] Location Pick
[5] Model
[6] Date
[7] Time
แมปฟิลด์ rotation กับคอลัมน์ rotation (index: 0)
แมปฟิลด์ group_name กับคอลัมน์ partgroup (index: 1)
แมปฟิลด์ supplier กับคอลัมน์ supplier (index: 3)
แมปฟิลด์ location กับคอลัมน์ location pick (index: 4)
ผลลัพธ์การแมปปิ้ง: {"part_number":2,"model":5,"date":6,"time":7,"rotation":0,"group_name":1,"supplier":3,"location":4}

========= 2026-04-09 07:03:12 =========
คอลัมน์ที่พบในไฟล์ CSV:
[0] ~LISTEN
ใช้ตำแหน่งเริ่มต้น: rotation = คอลัมน์ 0
ผลลัพธ์การแมปปิ้ง: {"rotation":0}

========= 2026-04-09 07:03:42 =========
คอลัมน์ที่พบในไฟล์ CSV:
[0] Rotation
[1] PartGroup
[2] Part_Number
[3] Supplier
[4] Location Pick
[5] Model
[6] Date
[7] Time
แมปฟิลด์ rotation กับคอลัมน์ rotation (index: 0)
แมปฟิลด์ group_name กับคอลัมน์ partgroup (index: 1)
แมปฟิลด์ supplier กับคอลัมน์ supplier (index: 3)
แมปฟิลด์ location กับคอลัมน์ location pick (index: 4)
ผลลัพธ์การแมปปิ้ง: {"part_number":2,"model":5,"date":6,"time":7,"rotation":0,"group_name":1,"supplier":3,"location":4}

========= 2026-04-09 07:21:51 =========
คอลัมน์ที่พบในไฟล์ CSV:
[0] Rotation
[1] PartGroup
[2] Part_Number
[3] Supplier
[4] Location Pick
[5] Model
[6] Date
[7] Time
แมปฟิลด์ rotation กับคอลัมน์ rotation (index: 0)
แมปฟิลด์ group_name กับคอลัมน์ partgroup (index: 1)
แมปฟิลด์ supplier กับคอลัมน์ supplier (index: 3)
แมปฟิลด์ location กับคอลัมน์ location pick (index: 4)
ผลลัพธ์การแมปปิ้ง: {"part_number":2,"model":5,"date":6,"time":7,"rotation":0,"group_name":1,"supplier":3,"location":4}

========= 2026-04-09 07:22:11 =========
คอลัมน์ที่พบในไฟล์ CSV:
[0] Rotation
[1] PartGroup
[2] Part_Number
[3] Supplier
[4] Location Pick
[5] Model
[6] Date
[7] Time
แมปฟิลด์ rotation กับคอลัมน์ rotation (index: 0)
แมปฟิลด์ group_name กับคอลัมน์ partgroup (index: 1)
แมปฟิลด์ supplier กับคอลัมน์ supplier (index: 3)
แมปฟิลด์ location กับคอลัมน์ location pick (index: 4)
ผลลัพธ์การแมปปิ้ง: {"part_number":2,"model":5,"date":6,"time":7,"rotation":0,"group_name":1,"supplier":3,"location":4}

========= 2026-04-09 07:25:50 =========
คอลัมน์ที่พบในไฟล์ CSV:
[0] Rotation
[1] PartGroup
[2] Part_Number
[3] Supplier
[4] Location Pick
[5] Model
[6] Date
[7] Time
แมปฟิลด์ rotation กับคอลัมน์ rotation (index: 0)
แมปฟิลด์ group_name กับคอลัมน์ partgroup (index: 1)
แมปฟิลด์ supplier กับคอลัมน์ supplier (index: 3)
แมปฟิลด์ location กับคอลัมน์ location pick (index: 4)
ผลลัพธ์การแมปปิ้ง: {"part_number":2,"model":5,"date":6,"time":7,"rotation":0,"group_name":1,"supplier":3,"location":4}

========= 2026-04-09 07:40:10 =========
คอลัมน์ที่พบในไฟล์ CSV:
[0] Rotation
[1] PartGroup
[2] Part_Number
[3] Supplier
[4] Location Pick
[5] Model
[6] Date
[7] Time
แมปฟิลด์ rotation กับคอลัมน์ rotation (index: 0)
แมปฟิลด์ group_name กับคอลัมน์ partgroup (index: 1)
แมปฟิลด์ supplier กับคอลัมน์ supplier (index: 3)
แมปฟิลด์ location กับคอลัมน์ location pick (index: 4)
ผลลัพธ์การแมปปิ้ง: {"part_number":2,"model":5,"date":6,"time":7,"rotation":0,"group_name":1,"supplier":3,"location":4}

========= 2026-04-09 23:15:47 =========
คอลัมน์ที่พบในไฟล์ CSV:
[0] Rotation
[1] PartGroup
[2] Part_Number
[3] Supplier
[4] Location Pick
[5] Model
[6] Date
[7] Time
แมปฟิลด์ rotation กับคอลัมน์ rotation (index: 0)
แมปฟิลด์ group_name กับคอลัมน์ partgroup (index: 1)
แมปฟิลด์ supplier กับคอลัมน์ supplier (index: 3)
แมปฟิลด์ location กับคอลัมน์ location pick (index: 4)
ผลลัพธ์การแมปปิ้ง: {"part_number":2,"model":5,"date":6,"time":7,"rotation":0,"group_name":1,"supplier":3,"location":4}

========= 2026-07-01 15:51:15 =========
คอลัมน์ที่พบในไฟล์ CSV:
[0] Rotation
[1] PartGroup
[2] Part_Number
[3] Supplier
[4] Location Pick
[5] Model
[6] Date
[7] Time
แมปฟิลด์ rotation กับคอลัมน์ rotation (index: 0)
แมปฟิลด์ group_name กับคอลัมน์ partgroup (index: 1)
แมปฟิลด์ supplier กับคอลัมน์ supplier (index: 3)
แมปฟิลด์ location กับคอลัมน์ location pick (index: 4)
ผลลัพธ์การแมปปิ้ง: {"part_number":2,"model":5,"date":6,"time":7,"rotation":0,"group_name":1,"supplier":3,"location":4}

========= 2026-07-22 13:48:52 =========
คอลัมน์ที่พบในไฟล์ CSV:
[0] Rotation
[1] PartGroup
[2] Part_Number
[3] Supplier
[4] Location Pick
[5] Model
[6] Date
[7] Time
แมปฟิลด์ rotation กับคอลัมน์ rotation (index: 0)
แมปฟิลด์ group_name กับคอลัมน์ partgroup (index: 1)
แมปฟิลด์ supplier กับคอลัมน์ supplier (index: 3)
แมปฟิลด์ location กับคอลัมน์ location pick (index: 4)
ผลลัพธ์การแมปปิ้ง: {"part_number":2,"model":5,"date":6,"time":7,"rotation":0,"group_name":1,"supplier":3,"location":4}

========= 2026-07-22 13:52:41 =========
คอลัมน์ที่พบในไฟล์ CSV:
[0] Rotation
[1] PartGroup
[2] Part_Number
[3] Supplier
[4] Location Pick
[5] Model
[6] Date
[7] Time
แมปฟิลด์ rotation กับคอลัมน์ rotation (index: 0)
แมปฟิลด์ group_name กับคอลัมน์ partgroup (index: 1)
แมปฟิลด์ supplier กับคอลัมน์ supplier (index: 3)
แมปฟิลด์ location กับคอลัมน์ location pick (index: 4)
ผลลัพธ์การแมปปิ้ง: {"part_number":2,"model":5,"date":6,"time":7,"rotation":0,"group_name":1,"supplier":3,"location":4}

========= 2026-07-22 16:07:06 =========
คอลัมน์ที่พบในไฟล์ CSV:
[0] Rotation
[1] PartGroup
[2] Part_Number
[3] Supplier
[4] Location Pick
[5] Model
[6] Date
[7] Time
แมปฟิลด์ rotation กับคอลัมน์ rotation (index: 0)
แมปฟิลด์ group_name กับคอลัมน์ partgroup (index: 1)
แมปฟิลด์ supplier กับคอลัมน์ supplier (index: 3)
แมปฟิลด์ location กับคอลัมน์ location pick (index: 4)
ผลลัพธ์การแมปปิ้ง: {"part_number":2,"model":5,"date":6,"time":7,"rotation":0,"group_name":1,"supplier":3,"location":4}

========= 2026-07-22 16:47:05 =========
คอลัมน์ที่พบในไฟล์ CSV:
[0] Rotation
[1] PartGroup
[2] Part_Number
[3] Supplier
[4] Location Pick
[5] Model
[6] Date
[7] Time
แมปฟิลด์ rotation กับคอลัมน์ rotation (index: 0)
แมปฟิลด์ group_name กับคอลัมน์ partgroup (index: 1)
แมปฟิลด์ supplier กับคอลัมน์ supplier (index: 3)
แมปฟิลด์ location กับคอลัมน์ location pick (index: 4)
ผลลัพธ์การแมปปิ้ง: {"part_number":2,"model":5,"date":6,"time":7,"rotation":0,"group_name":1,"supplier":3,"location":4}

========= 2026-07-23 11:34:48 =========
คอลัมน์ที่พบในไฟล์ CSV:
[0] Rotation
[1] PartGroup
[2] Part_Number
[3] Supplier
[4] Location Pick
[5] Model
[6] Date
[7] Time
แมปฟิลด์ rotation กับคอลัมน์ rotation (index: 0)
แมปฟิลด์ group_name กับคอลัมน์ partgroup (index: 1)
แมปฟิลด์ supplier กับคอลัมน์ supplier (index: 3)
แมปฟิลด์ location กับคอลัมน์ location pick (index: 4)
ผลลัพธ์การแมปปิ้ง: {"part_number":2,"model":5,"date":6,"time":7,"rotation":0,"group_name":1,"supplier":3,"location":4}

========= 2026-07-23 15:47:06 =========
คอลัมน์ที่พบในไฟล์ CSV:
[0] Rotation
[1] PartGroup
[2] Part_Number
[3] Supplier
[4] Location Pick
[5] Model
[6] Date
[7] Time
แมปฟิลด์ rotation กับคอลัมน์ rotation (index: 0)
แมปฟิลด์ group_name กับคอลัมน์ partgroup (index: 1)
แมปฟิลด์ supplier กับคอลัมน์ supplier (index: 3)
แมปฟิลด์ location กับคอลัมน์ location pick (index: 4)
ผลลัพธ์การแมปปิ้ง: {"part_number":2,"model":5,"date":6,"time":7,"rotation":0,"group_name":1,"supplier":3,"location":4}

========= 2026-07-23 16:08:48 =========
คอลัมน์ที่พบในไฟล์ CSV:
[0] Rotation
[1] PartGroup
[2] Part_Number
[3] Supplier
[4] Location Pick
[5] Model
[6] Date
[7] Time
แมปฟิลด์ rotation กับคอลัมน์ rotation (index: 0)
แมปฟิลด์ group_name กับคอลัมน์ partgroup (index: 1)
แมปฟิลด์ supplier กับคอลัมน์ supplier (index: 3)
แมปฟิลด์ location กับคอลัมน์ location pick (index: 4)
ผลลัพธ์การแมปปิ้ง: {"part_number":2,"model":5,"date":6,"time":7,"rotation":0,"group_name":1,"supplier":3,"location":4}

========= 2026-07-23 16:15:10 =========
คอลัมน์ที่พบในไฟล์ CSV:
[0] Rotation
[1] PartGroup
[2] Part_Number
[3] Supplier
[4] Location Pick
[5] Model
[6] Date
[7] Time
แมปฟิลด์ rotation กับคอลัมน์ rotation (index: 0)
แมปฟิลด์ group_name กับคอลัมน์ partgroup (index: 1)
แมปฟิลด์ supplier กับคอลัมน์ supplier (index: 3)
แมปฟิลด์ location กับคอลัมน์ location pick (index: 4)
ผลลัพธ์การแมปปิ้ง: {"part_number":2,"model":5,"date":6,"time":7,"rotation":0,"group_name":1,"supplier":3,"location":4}

========= 2026-07-23 16:34:55 =========
คอลัมน์ที่พบในไฟล์ CSV:
[0] Rotation
[1] PartGroup
[2] Part_Number
[3] Supplier
[4] Location Pick
[5] Model
[6] Date
[7] Time
แมปฟิลด์ rotation กับคอลัมน์ rotation (index: 0)
แมปฟิลด์ group_name กับคอลัมน์ partgroup (index: 1)
แมปฟิลด์ supplier กับคอลัมน์ supplier (index: 3)
แมปฟิลด์ location กับคอลัมน์ location pick (index: 4)
ผลลัพธ์การแมปปิ้ง: {"part_number":2,"model":5,"date":6,"time":7,"rotation":0,"group_name":1,"supplier":3,"location":4}

========= 2026-08-03 14:55:27 =========
คอลัมน์ที่พบในไฟล์ CSV:
[0] Rotation
[1] PartGroup
[2] Part_Number
[3] Supplier
[4] Location Pick
[5] Model
[6] Date
[7] Time
แมปฟิลด์ rotation กับคอลัมน์ rotation (index: 0)
แมปฟิลด์ group_name กับคอลัมน์ partgroup (index: 1)
แมปฟิลด์ supplier กับคอลัมน์ supplier (index: 3)
แมปฟิลด์ location กับคอลัมน์ location pick (index: 4)
ผลลัพธ์การแมปปิ้ง: {"part_number":2,"model":5,"date":6,"time":7,"rotation":0,"group_name":1,"supplier":3,"location":4}

========= 2026-08-03 16:02:56 =========
คอลัมน์ที่พบในไฟล์ CSV:
[0] Rotation
[1] PartGroup
[2] Part_Number
[3] Supplier
[4] Location Pick
[5] Model
[6] Date
[7] Time
แมปฟิลด์ rotation กับคอลัมน์ rotation (index: 0)
แมปฟิลด์ group_name กับคอลัมน์ partgroup (index: 1)
แมปฟิลด์ supplier กับคอลัมน์ supplier (index: 3)
แมปฟิลด์ location กับคอลัมน์ location pick (index: 4)
ผลลัพธ์การแมปปิ้ง: {"part_number":2,"model":5,"date":6,"time":7,"rotation":0,"group_name":1,"supplier":3,"location":4}

========= 2026-08-15 05:30:38 =========
คอลัมน์ที่พบในไฟล์ CSV:
[0] #
[1] Rotation
[2] TrimOn
[3] Line
[4] Part Group
[5] Part Base
[6] Part Number
[7] Plant Code
[8] Supplier Code
[9] Supplier Name
[10] Paint
[11] Dolly Position
[12] Pick Location
[13] VIN Number
[14] Creation Date
แมปฟิลด์ rotation กับคอลัมน์ rotation (index: 1)
แมปฟิลด์ group_name กับคอลัมน์ part group (index: 4)
แมปฟิลด์ part_number กับคอลัมน์ part group (index: 4)
แมปฟิลด์ part_name กับคอลัมน์ supplier name (index: 9)
แมปฟิลด์ supplier กับคอลัมน์ supplier code (index: 8)
แมปฟิลด์ location กับคอลัมน์ dolly position (index: 11)
แมปฟิลด์ date กับคอลัมน์ creation date (index: 14)
ใช้ตำแหน่งเริ่มต้น: model = คอลัมน์ 5
ใช้ตำแหน่งเริ่มต้น: time = คอลัมน์ 7
ผลลัพธ์การแมปปิ้ง: {"rotation":1,"group_name":4,"part_number":4,"part_name":9,"supplier":8,"location":11,"date":14,"model":5,"time":7}

========= 2026-08-15 05:41:52 =========
คอลัมน์ที่พบในไฟล์ CSV:
[0] Rotation
[1] Part_Group
[2] Part_Number
[3] Supplier
[4] Location Pick
[5] Model
[6] Date
[7] Time
แมปฟิลด์ rotation กับคอลัมน์ rotation (index: 0)
แมปฟิลด์ supplier กับคอลัมน์ supplier (index: 3)
แมปฟิลด์ location กับคอลัมน์ location pick (index: 4)
ผลลัพธ์การแมปปิ้ง: {"group_name":1,"part_number":2,"model":5,"date":6,"time":7,"rotation":0,"supplier":3,"location":4}

========= 2026-09-01 15:43:57 =========
คอลัมน์ที่พบในไฟล์ CSV:
[0] Rotation
[1] PartGroup
[2] Part_Number
[3] Supplier
[4] Location Pick
[5] Model
[6] Date
[7] Time
แมปฟิลด์ rotation กับคอลัมน์ rotation (index: 0)
แมปฟิลด์ group_name กับคอลัมน์ partgroup (index: 1)
แมปฟิลด์ supplier กับคอลัมน์ supplier (index: 3)
แมปฟิลด์ location กับคอลัมน์ location pick (index: 4)
ผลลัพธ์การแมปปิ้ง: {"part_number":2,"model":5,"date":6,"time":7,"rotation":0,"group_name":1,"supplier":3,"location":4}

